     VMA      LMA     Size Align Out     In      Symbol
       0        0 80200000     1 . = 0x80200000
80200000 80200000      236     2 .text
80200000 80200000        e     2         /tmp/kernel-0a6e25.o:(.text.boot)
80200000 80200000        0     1                 .L0 
80200000 80200000        0     1                 .L0 
80200000 80200000        0     1                 $x
80200000 80200000        0     1                 .L0 
80200000 80200000        e     1                 boot
8020000e 8020000e        0     1                 .L0 
8020000e 8020000e        0     1                 .L0 
8020000e 8020000e       84     2         /tmp/kernel-0a6e25.o:(.text)
8020000e 8020000e        0     1                 .L0 
8020000e 8020000e        0     1                 .L0 
8020000e 8020000e        0     1                 $x
8020000e 8020000e        0     1                 .L0 
8020000e 8020000e       16     1                 memset
80200012 80200012        0     1                 .L0 
80200012 80200012        0     1                 .L0 
80200014 80200014        0     1                 .L0 
80200014 80200014        0     1                 .L0 
80200014 80200014        0     1                 .L0 
80200018 80200018        0     1                 .L0 
80200018 80200018        0     1                 .L0 
8020001e 8020001e        0     1                 .L0 
8020001e 8020001e        0     1                 .L0 
80200022 80200022        0     1                 .L0 
80200022 80200022        0     1                 .L0 
80200022 80200022        0     1                 .L0 
80200024 80200024        0     1                 .L0 
80200024 80200024        0     1                 .L0 
80200024 80200024        0     1                 .L0 
80200024 80200024        0     1                 .L0 
80200024 80200024        0     1                 .L0 
80200024 80200024        6     1                 sbi_call
80200028 80200028        0     1                 .L0 
80200028 80200028        0     1                 .L0 
8020002a 8020002a        0     1                 .L0 
8020002a 8020002a        0     1                 .L0 
8020002a 8020002a        0     1                 .L0 
8020002a 8020002a       14     1                 putchar
8020003c 8020003c        0     1                 .L0 
8020003c 8020003c        0     1                 .L0 
8020003e 8020003e        0     1                 .L0 
8020003e 8020003e        0     1                 .L0 
8020003e 8020003e        0     1                 .L0 
8020003e 8020003e       54     1                 kernel_main
80200042 80200042        0     1                 .L0 
80200042 80200042        0     1                 .L0 
8020004a 8020004a        0     1                 .L0 
80200056 80200056        0     1                 .L0 
80200058 80200058        0     1                 .L0 
80200058 80200058        0     1                 .L0 
80200058 80200058        0     1                 .L0 
8020005c 8020005c        0     1                 .L0 
8020005c 8020005c        0     1                 .L0 
80200062 80200062        0     1                 .L0 
80200062 80200062        0     1                 .L0 
80200066 80200066        0     1                 .L0 
80200066 80200066        0     1                 .L0 
80200066 80200066        0     1                 .L0 
80200078 80200078        0     1                 .L0 
80200078 80200078        0     1                 .L0 
8020008c 8020008c        0     1                 .L0 
8020008c 8020008c        0     1                 .L0 
8020008c 8020008c        0     1                 .L0 
80200090 80200090        0     1                 .L0 
80200092 80200092        0     1                 .L0 
80200092 80200092        0     1                 .L0 
80200092 80200092      1a4     2         /tmp/common-26b419.o:(.text)
80200092 80200092        0     1                 .L0 
80200092 80200092        0     1                 .L0 
80200092 80200092        0     1                 $x
80200092 80200092        0     1                 .L0 
80200092 80200092      1a4     1                 printf
802000ae 802000ae        0     1                 .L0 
802000d8 802000d8        0     1                 .L0 
802000e8 802000e8        0     1                 .L0 
802000e8 802000e8        0     1                 .L0 
802000ec 802000ec        0     1                 .L0 
802000ec 802000ec        0     1                 .L0 
802000ee 802000ee        0     1                 .L0 
802000ee 802000ee        0     1                 .L0 
802000f2 802000f2        0     1                 .L0 
802000fa 802000fa        0     1                 .L0 
802000fa 802000fa        0     1                 .L0 
802000fc 802000fc        0     1                 .L0 
802000fc 802000fc        0     1                 .L0 
802000fe 802000fe        0     1                 .L0 
80200100 80200100        0     1                 .L0 
80200100 80200100        0     1                 .L0 
80200104 80200104        0     1                 .L0 
80200106 80200106        0     1                 .L0 
80200116 80200116        0     1                 .L0 
80200116 80200116        0     1                 .L0 
80200122 80200122        0     1                 .L0 
80200122 80200122        0     1                 .L0 
80200126 80200126        0     1                 .L0 
80200126 80200126        0     1                 .L0 
80200128 80200128        0     1                 .L0 
8020012e 8020012e        0     1                 .L0 
8020012e 8020012e        0     1                 .L0 
8020012e 8020012e        0     1                 .L0 
80200136 80200136        0     1                 .L0 
80200136 80200136        0     1                 .L0 
80200140 80200140        0     1                 .L0 
80200140 80200140        0     1                 .L0 
80200144 80200144        0     1                 .L0 
80200144 80200144        0     1                 .L0 
80200146 80200146        0     1                 .L0 
8020014a 8020014a        0     1                 .L0 
8020014c 8020014c        0     1                 .L0 
8020014c 8020014c        0     1                 .L0 
80200152 80200152        0     1                 .L0 
80200152 80200152        0     1                 .L0 
80200154 80200154        0     1                 .L0 
80200158 80200158        0     1                 .L0 
8020015a 8020015a        0     1                 .L0 
8020015a 8020015a        0     1                 .L0 
80200160 80200160        0     1                 .L0 
80200160 80200160        0     1                 .L0 
80200162 80200162        0     1                 .L0 
80200166 80200166        0     1                 .L0 
80200168 80200168        0     1                 .L0 
80200168 80200168        0     1                 .L0 
8020016e 8020016e        0     1                 .L0 
8020016e 8020016e        0     1                 .L0 
80200170 80200170        0     1                 .L0 
80200174 80200174        0     1                 .L0 
80200176 80200176        0     1                 .L0 
80200176 80200176        0     1                 .L0 
8020017c 8020017c        0     1                 .L0 
8020017c 8020017c        0     1                 .L0 
8020017e 8020017e        0     1                 .L0 
80200182 80200182        0     1                 .L0 
80200184 80200184        0     1                 .L0 
80200184 80200184        0     1                 .L0 
8020018a 8020018a        0     1                 .L0 
8020018a 8020018a        0     1                 .L0 
8020018c 8020018c        0     1                 .L0 
80200190 80200190        0     1                 .L0 
80200192 80200192        0     1                 .L0 
80200192 80200192        0     1                 .L0 
80200198 80200198        0     1                 .L0 
80200198 80200198        0     1                 .L0 
8020019a 8020019a        0     1                 .L0 
8020019e 8020019e        0     1                 .L0 
802001a0 802001a0        0     1                 .L0 
802001a0 802001a0        0     1                 .L0 
802001a2 802001a2        0     1                 .L0 
802001a2 802001a2        0     1                 .L0 
802001a4 802001a4        0     1                 .L0 
802001a8 802001a8        0     1                 .L0 
802001a8 802001a8        0     1                 .L0 
802001aa 802001aa        0     1                 .L0 
802001aa 802001aa        0     1                 .L0 
802001ac 802001ac        0     1                 .L0 
802001ae 802001ae        0     1                 .L0 
802001ae 802001ae        0     1                 .L0 
802001ae 802001ae        0     1                 .L0 
802001b8 802001b8        0     1                 .L0 
802001b8 802001b8        0     1                 .L0 
802001bc 802001bc        0     1                 .L0 
802001c2 802001c2        0     1                 .L0 
802001c2 802001c2        0     1                 .L0 
802001c2 802001c2        0     1                 .L0 
802001c8 802001c8        0     1                 .L0 
802001c8 802001c8        0     1                 .L0 
802001cc 802001cc        0     1                 .L0 
802001ce 802001ce        0     1                 .L0 
802001d2 802001d2        0     1                 .L0 
802001d2 802001d2        0     1                 .L0 
802001d2 802001d2        0     1                 .L0 
802001d8 802001d8        0     1                 .L0 
802001d8 802001d8        0     1                 .L0 
802001dc 802001dc        0     1                 .L0 
802001dc 802001dc        0     1                 .L0 
802001de 802001de        0     1                 .L0 
802001e2 802001e2        0     1                 .L0 
802001e2 802001e2        0     1                 .L0 
802001e2 802001e2        0     1                 .L0 
802001e6 802001e6        0     1                 .L0 
802001ea 802001ea        0     1                 .L0 
802001ee 802001ee        0     1                 .L0 
802001ee 802001ee        0     1                 .L0 
802001ee 802001ee        0     1                 .L0 
802001f0 802001f0        0     1                 .L0 
802001f0 802001f0        0     1                 .L0 
802001f4 802001f4        0     1                 .L0 
802001f8 802001f8        0     1                 .L0 
802001fe 802001fe        0     1                 .L0 
802001fe 802001fe        0     1                 .L0 
80200206 80200206        0     1                 .L0 
8020020c 8020020c        0     1                 .L0 
8020020c 8020020c        0     1                 .L0 
80200212 80200212        0     1                 .L0 
80200212 80200212        0     1                 .L0 
80200212 80200212        0     1                 .L0 
80200218 80200218        0     1                 .L0 
80200218 80200218        0     1                 .L0 
80200218 80200218        0     1                 .L0 
8020021c 8020021c        0     1                 .L0 
80200232 80200232        0     1                 .L0 
80200236 80200236        0     1                 .L0 
80200236 80200236        0     1                 .L0 
80200238 80200238       34     4 .rodata
80200238 80200238       34     1         <internal>:(.rodata.str1.1)
8020026c 8020026c        0     4 .bss
8020026c 8020026c        0     1         __bss = .
8020026c 8020026c        0     1         __bss_end = .
8020026c 8020026c        0     1 . = ALIGN ( 4 )
8020026c 8020026c    20000     1 . += 128 * 1024
8022026c 8022026c        0     1 __stack_top = .
       0        0      1bc     1 .debug_loclists
       0        0       95     1         /tmp/kernel-0a6e25.o:(.debug_loclists)
       0        0        0     1                 $d
       c        c        0     1                 .L0 
      95       95      127     1         /tmp/common-26b419.o:(.debug_loclists)
      95       95        0     1                 $d
      a1       a1        0     1                 .L0 
       0        0      26f     1 .debug_abbrev
       0        0      17c     1         /tmp/kernel-0a6e25.o:(.debug_abbrev)
       0        0        0     1                 $d
     17c      17c       f3     1         /tmp/common-26b419.o:(.debug_abbrev)
     17c      17c        0     1                 $d
       0        0      42e     1 .debug_info
       0        0      2ef     1         /tmp/kernel-0a6e25.o:(.debug_info)
       0        0        0     1                 $d
     2ef      2ef      13f     1         /tmp/common-26b419.o:(.debug_info)
     2ef      2ef        0     1                 $d
       0        0       33     1 .debug_rnglists
       0        0       18     1         /tmp/kernel-0a6e25.o:(.debug_rnglists)
       0        0        0     1                 $d
       c        c        0     1                 .L0 
      18       18       1b     1         /tmp/common-26b419.o:(.debug_rnglists)
      18       18        0     1                 $d
      24       24        0     1                 .L0 
       0        0      100     1 .debug_str_offsets
       0        0       ac     1         /tmp/kernel-0a6e25.o:(.debug_str_offsets)
       0        0        0     1                 $d
       8        8        0     1                 .L0 
      ac       ac       54     1         /tmp/common-26b419.o:(.debug_str_offsets)
      ac       ac        0     1                 $d
      b4       b4        0     1                 .L0 
       0        0      166     1 .debug_str
       0        0      166     1         <internal>:(.debug_str)
       0        0       84     1 .debug_addr
       0        0       34     1         /tmp/kernel-0a6e25.o:(.debug_addr)
       0        0        0     1                 $d
       8        8        0     1                 .L0 
      34       34       50     1         /tmp/common-26b419.o:(.debug_addr)
      34       34        0     1                 $d
      3c       3c        0     1                 .L0 
       0        0       29     1 .comment
       0        0       29     1         <internal>:(.comment)
       0        0       47     1 .riscv.attributes
       0        0       47     1         <internal>:(.riscv.attributes)
       0        0       c4     4 .debug_frame
       0        0       6c     4         /tmp/kernel-0a6e25.o:(.debug_frame)
       0        0        0     1                 .L0 
       0        0        0     1                 $d
      6c       6c       58     4         /tmp/common-26b419.o:(.debug_frame)
      6c       6c        0     1                 .L0 
      6c       6c        0     1                 $d
       0        0      39d     1 .debug_line
       0        0      12a     1         /tmp/kernel-0a6e25.o:(.debug_line)
       0        0        0     1                 .Lline_table_start0
       0        0        0     1                 $d
     12a      12a      273     1         /tmp/common-26b419.o:(.debug_line)
     12a      12a        0     1                 .Lline_table_start0
     12a      12a        0     1                 $d
       0        0       45     1 .debug_line_str
       0        0       45     1         <internal>:(.debug_line_str)
       0        0      290     4 .symtab
       0        0      290     4         <internal>:(.symtab)
       0        0       d6     1 .shstrtab
       0        0       d6     1         <internal>:(.shstrtab)
       0        0       b6     1 .strtab
       0        0       b6     1         <internal>:(.strtab)
